// Jest Snapshot v1, https://goo.gl/fbAQLP

exports[`Shopping should create Shopping 1`] = `
<div>
  <div
    class="sorting"
  >
    <div
      class="sorting-name"
    >
      by product:
      <select
        id="sort-by-product"
        name="sort-by-product"
      >
        <option
          selected=""
          value="-"
        >
          -
        </option>
        <option
          value="increase"
        >
          increase
        </option>
        <option
          value="decrease"
        >
          decrease
        </option>
      </select>
    </div>
    <div
      class="sorting-name"
    >
      by price:
      <select
        id="sort-by-price"
        name="sort-by-price"
      >
        <option
          selected=""
          value="-"
        >
          -
        </option>
        <option
          value="increase"
        >
          increase
        </option>
        <option
          value="decrease"
        >
          decrease
        </option>
      </select>
    </div>
    <div
      class="product-on-page"
    >
      amount on page:
      <select
        id=""
        name=""
      >
        <option
          selected=""
          value="10"
        >
          10
        </option>
        <option
          value="20"
        >
          20
        </option>
        <option
          value="30"
        >
          30
        </option>
      </select>
    </div>
  </div>
  <div
    class="pagination"
  >
    <button>
      &lt;
    </button>
    <input
      id="page-number"
      value="2"
    />
    <button>
      &gt;
    </button>
  </div>
  <div
    class="product-list"
  >
    <div
      class="product"
      id="123"
    >
      <img
        alt="product in the shop"
        src="/img.ipg"
        width="250px"
      />
      <p
        class="product-name"
      >
        first product
      </p>
      <p
        class="product-price"
      >
        1155
         
        UAH
      </p>
      <div
        class="product-quantity"
      >
        <button
          role="button"
        >
          -
        </button>
        <input
          readonly=""
          type="text"
          value="1"
        />
        <button
          role="button"
        >
          +
        </button>
      </div>
      <button
        class="add-to-cart"
        role="button"
      >
        add to cart
      </button>
    </div>
    <div
      class="product"
      id="134"
    >
      <img
        alt="product in the shop"
        src="/img.ipg"
        width="250px"
      />
      <p
        class="product-name"
      >
        second product
      </p>
      <p
        class="product-price"
      >
        1155
         
        UAH
      </p>
      <div
        class="product-quantity"
      >
        <button
          role="button"
        >
          -
        </button>
        <input
          readonly=""
          type="text"
          value="1"
        />
        <button
          role="button"
        >
          +
        </button>
      </div>
      <button
        class="add-to-cart"
        role="button"
      >
        add to cart
      </button>
    </div>
  </div>
  <div
    class="pagination"
  >
    <button>
      &lt;
    </button>
    <input
      id="page-number"
      value="2"
    />
    <button>
      &gt;
    </button>
  </div>
</div>
`;
